2025-07-08 14:56:09 | INFO     | src.config:load_config:15 - Loading environment variables
2025-07-08 14:56:09 | INFO     | src.config:load_config:29 - Trying to load from Streamlit secrets
2025-07-08 14:56:09 | DEBUG    | src.api.texau_client:__init__:31 - TexAU client initialized with complete authentication
2025-07-08 14:56:09 | DEBUG    | src.api.linkedin_api:__init__:11 - LinkedIn API client initialized
2025-07-08 14:56:09 | DEBUG    | src.ui.app:__init__:22 - Initializing LinkedIn Extractor App
2025-07-08 14:56:11 | INFO     | src.config:load_config:15 - Loading environment variables
2025-07-08 14:56:11 | INFO     | src.config:load_config:29 - Trying to load from Streamlit secrets
2025-07-08 14:56:11 | DEBUG    | src.api.texau_client:__init__:31 - TexAU client initialized with complete authentication
2025-07-08 14:56:11 | DEBUG    | src.api.linkedin_api:__init__:11 - LinkedIn API client initialized
2025-07-08 14:56:11 | DEBUG    | src.ui.app:__init__:22 - Initializing LinkedIn Extractor App
2025-07-08 14:56:11 | INFO     | src.config:load_config:15 - Loading environment variables
2025-07-08 14:56:11 | INFO     | src.config:load_config:29 - Trying to load from Streamlit secrets
2025-07-08 14:56:11 | DEBUG    | src.api.texau_client:__init__:31 - TexAU client initialized with complete authentication
2025-07-08 14:56:11 | DEBUG    | src.api.linkedin_api:__init__:11 - LinkedIn API client initialized
2025-07-08 14:56:11 | DEBUG    | src.ui.app:__init__:22 - Initializing LinkedIn Extractor App
2025-07-08 14:56:18 | INFO     | src.config:load_config:15 - Loading environment variables
2025-07-08 14:56:18 | INFO     | src.config:load_config:29 - Trying to load from Streamlit secrets
2025-07-08 14:56:18 | DEBUG    | src.api.texau_client:__init__:31 - TexAU client initialized with complete authentication
2025-07-08 14:56:18 | DEBUG    | src.api.linkedin_api:__init__:11 - LinkedIn API client initialized
2025-07-08 14:56:18 | DEBUG    | src.ui.app:__init__:22 - Initializing LinkedIn Extractor App
2025-07-08 14:56:28 | INFO     | src.config:load_config:15 - Loading environment variables
2025-07-08 14:56:28 | INFO     | src.config:load_config:29 - Trying to load from Streamlit secrets
2025-07-08 14:56:28 | DEBUG    | src.api.texau_client:__init__:31 - TexAU client initialized with complete authentication
2025-07-08 14:56:28 | DEBUG    | src.api.linkedin_api:__init__:11 - LinkedIn API client initialized
2025-07-08 14:56:28 | DEBUG    | src.ui.app:__init__:22 - Initializing LinkedIn Extractor App
2025-07-08 14:56:28 | INFO     | src.config:load_config:15 - Loading environment variables
2025-07-08 14:56:28 | INFO     | src.config:load_config:29 - Trying to load from Streamlit secrets
2025-07-08 15:46:09 | INFO     | src.config:load_config:15 - Loading environment variables
2025-07-08 15:46:09 | INFO     | src.config:load_config:29 - Trying to load from Streamlit secrets
2025-07-08 15:46:09 | DEBUG    | src.api.texau_client:__init__:31 - TexAU client initialized with complete authentication
2025-07-08 15:46:09 | DEBUG    | src.api.linkedin_api:__init__:11 - LinkedIn API client initialized
2025-07-08 15:46:09 | DEBUG    | src.ui.app:__init__:22 - Initializing LinkedIn Extractor App
2025-07-08 15:46:22 | INFO     | src.config:load_config:15 - Loading environment variables
2025-07-08 15:46:22 | INFO     | src.config:load_config:29 - Trying to load from Streamlit secrets
2025-07-08 15:46:22 | DEBUG    | src.api.texau_client:__init__:31 - TexAU client initialized with complete authentication
2025-07-08 15:46:22 | DEBUG    | src.api.linkedin_api:__init__:11 - LinkedIn API client initialized
2025-07-08 15:46:22 | DEBUG    | src.ui.app:__init__:22 - Initializing LinkedIn Extractor App
2025-07-08 15:46:22 | INFO     | src.config:load_config:15 - Loading environment variables
2025-07-08 15:46:22 | INFO     | src.config:load_config:29 - Trying to load from Streamlit secrets
2025-07-08 15:46:22 | DEBUG    | src.api.texau_client:__init__:31 - TexAU client initialized with complete authentication
2025-07-08 15:46:22 | DEBUG    | src.api.linkedin_api:__init__:11 - LinkedIn API client initialized
2025-07-08 15:46:22 | DEBUG    | src.ui.app:__init__:22 - Initializing LinkedIn Extractor App
2025-07-08 15:46:30 | INFO     | src.config:load_config:15 - Loading environment variables
2025-07-08 15:46:30 | INFO     | src.config:load_config:29 - Trying to load from Streamlit secrets
2025-07-08 15:46:30 | DEBUG    | src.api.texau_client:__init__:31 - TexAU client initialized with complete authentication
2025-07-08 15:46:30 | DEBUG    | src.api.linkedin_api:__init__:11 - LinkedIn API client initialized
2025-07-08 15:46:30 | DEBUG    | src.ui.app:__init__:22 - Initializing LinkedIn Extractor App
2025-07-08 15:46:33 | INFO     | src.config:load_config:15 - Loading environment variables
2025-07-08 15:46:33 | INFO     | src.config:load_config:29 - Trying to load from Streamlit secrets
2025-07-08 15:46:33 | DEBUG    | src.api.texau_client:__init__:31 - TexAU client initialized with complete authentication
2025-07-08 15:46:33 | DEBUG    | src.api.linkedin_api:__init__:11 - LinkedIn API client initialized
2025-07-08 15:46:33 | DEBUG    | src.ui.app:__init__:22 - Initializing LinkedIn Extractor App
2025-07-08 15:46:33 | INFO     | src.config:load_config:15 - Loading environment variables
2025-07-08 15:46:33 | INFO     | src.config:load_config:29 - Trying to load from Streamlit secrets
2025-07-08 19:52:48 | INFO     | src.config:load_config:15 - Loading environment variables
2025-07-08 19:52:48 | INFO     | src.config:load_config:29 - Trying to load from Streamlit secrets
2025-07-08 19:52:48 | DEBUG    | src.api.texau_client:__init__:31 - TexAU client initialized with complete authentication
2025-07-08 19:52:48 | DEBUG    | src.api.linkedin_api:__init__:11 - LinkedIn API client initialized
2025-07-08 19:52:48 | DEBUG    | src.ui.app:__init__:22 - Initializing LinkedIn Extractor App
2025-07-08 19:52:51 | INFO     | src.config:load_config:15 - Loading environment variables
2025-07-08 19:52:51 | INFO     | src.config:load_config:29 - Trying to load from Streamlit secrets
2025-07-08 19:52:51 | DEBUG    | src.api.texau_client:__init__:31 - TexAU client initialized with complete authentication
2025-07-08 19:52:51 | DEBUG    | src.api.linkedin_api:__init__:11 - LinkedIn API client initialized
2025-07-08 19:52:51 | DEBUG    | src.ui.app:__init__:22 - Initializing LinkedIn Extractor App
2025-07-08 19:52:51 | INFO     | src.config:load_config:15 - Loading environment variables
2025-07-08 19:52:51 | INFO     | src.config:load_config:29 - Trying to load from Streamlit secrets
2025-07-08 19:52:51 | DEBUG    | src.api.texau_client:__init__:31 - TexAU client initialized with complete authentication
2025-07-08 19:52:51 | DEBUG    | src.api.linkedin_api:__init__:11 - LinkedIn API client initialized
2025-07-08 19:52:51 | DEBUG    | src.ui.app:__init__:22 - Initializing LinkedIn Extractor App
2025-07-08 19:52:54 | INFO     | src.config:load_config:15 - Loading environment variables
2025-07-08 19:52:54 | INFO     | src.config:load_config:29 - Trying to load from Streamlit secrets
2025-07-08 19:52:54 | DEBUG    | src.api.texau_client:__init__:31 - TexAU client initialized with complete authentication
2025-07-08 19:52:54 | DEBUG    | src.api.linkedin_api:__init__:11 - LinkedIn API client initialized
2025-07-08 19:52:54 | DEBUG    | src.ui.app:__init__:22 - Initializing LinkedIn Extractor App
2025-07-08 19:53:04 | INFO     | src.config:load_config:15 - Loading environment variables
2025-07-08 19:53:04 | INFO     | src.config:load_config:29 - Trying to load from Streamlit secrets
2025-07-08 19:53:04 | DEBUG    | src.api.texau_client:__init__:31 - TexAU client initialized with complete authentication
2025-07-08 19:53:04 | DEBUG    | src.api.linkedin_api:__init__:11 - LinkedIn API client initialized
2025-07-08 19:53:04 | DEBUG    | src.ui.app:__init__:22 - Initializing LinkedIn Extractor App
2025-07-08 19:56:44 | INFO     | src.config:load_config:15 - Loading environment variables
2025-07-08 19:56:44 | INFO     | src.config:load_config:29 - Trying to load from Streamlit secrets
2025-07-08 19:56:44 | DEBUG    | src.api.texau_client:__init__:31 - TexAU client initialized with complete authentication
2025-07-08 19:56:44 | DEBUG    | src.api.linkedin_api:__init__:11 - LinkedIn API client initialized
2025-07-08 19:56:44 | DEBUG    | src.ui.app:__init__:22 - Initializing LinkedIn Extractor App
2025-07-08 19:56:48 | INFO     | src.config:load_config:15 - Loading environment variables
2025-07-08 19:56:48 | INFO     | src.config:load_config:29 - Trying to load from Streamlit secrets
2025-07-08 19:56:48 | DEBUG    | src.api.texau_client:__init__:31 - TexAU client initialized with complete authentication
2025-07-08 19:56:48 | DEBUG    | src.api.linkedin_api:__init__:11 - LinkedIn API client initialized
2025-07-08 19:56:48 | DEBUG    | src.ui.app:__init__:22 - Initializing LinkedIn Extractor App
2025-07-08 19:56:48 | INFO     | src.config:load_config:15 - Loading environment variables
2025-07-08 19:56:48 | INFO     | src.config:load_config:29 - Trying to load from Streamlit secrets
2025-07-08 19:56:48 | DEBUG    | src.api.texau_client:__init__:31 - TexAU client initialized with complete authentication
2025-07-08 19:56:48 | DEBUG    | src.api.linkedin_api:__init__:11 - LinkedIn API client initialized
2025-07-08 19:56:48 | DEBUG    | src.ui.app:__init__:22 - Initializing LinkedIn Extractor App
2025-07-08 19:56:49 | INFO     | src.config:load_config:15 - Loading environment variables
2025-07-08 19:56:49 | INFO     | src.config:load_config:29 - Trying to load from Streamlit secrets
2025-07-08 19:56:49 | DEBUG    | src.api.texau_client:__init__:31 - TexAU client initialized with complete authentication
2025-07-08 19:56:49 | DEBUG    | src.api.linkedin_api:__init__:11 - LinkedIn API client initialized
2025-07-08 19:56:49 | DEBUG    | src.ui.app:__init__:22 - Initializing LinkedIn Extractor App
2025-07-08 19:56:53 | INFO     | src.config:load_config:15 - Loading environment variables
2025-07-08 19:56:53 | INFO     | src.config:load_config:29 - Trying to load from Streamlit secrets
2025-07-08 19:56:53 | DEBUG    | src.api.texau_client:__init__:31 - TexAU client initialized with complete authentication
2025-07-08 19:56:53 | DEBUG    | src.api.linkedin_api:__init__:11 - LinkedIn API client initialized
2025-07-08 19:56:53 | DEBUG    | src.ui.app:__init__:22 - Initializing LinkedIn Extractor App
2025-07-08 19:56:57 | INFO     | src.config:load_config:15 - Loading environment variables
2025-07-08 19:56:57 | INFO     | src.config:load_config:29 - Trying to load from Streamlit secrets
2025-07-08 19:56:57 | DEBUG    | src.api.texau_client:__init__:31 - TexAU client initialized with complete authentication
2025-07-08 19:56:57 | DEBUG    | src.api.linkedin_api:__init__:11 - LinkedIn API client initialized
2025-07-08 19:56:57 | DEBUG    | src.ui.app:__init__:22 - Initializing LinkedIn Extractor App
2025-07-08 19:56:57 | INFO     | src.config:load_config:15 - Loading environment variables
2025-07-08 19:56:57 | INFO     | src.config:load_config:29 - Trying to load from Streamlit secrets
2025-07-08 19:57:25 | INFO     | src.config:load_config:15 - Loading environment variables
2025-07-08 19:57:25 | INFO     | src.config:load_config:29 - Trying to load from Streamlit secrets
2025-07-08 19:57:25 | DEBUG    | src.api.texau_client:__init__:31 - TexAU client initialized with complete authentication
2025-07-08 19:57:25 | DEBUG    | src.api.linkedin_api:__init__:11 - LinkedIn API client initialized
2025-07-08 19:57:25 | DEBUG    | src.ui.app:__init__:22 - Initializing LinkedIn Extractor App
2025-07-08 19:57:25 | INFO     | src.config:load_config:15 - Loading environment variables
2025-07-08 19:57:25 | INFO     | src.config:load_config:29 - Trying to load from Streamlit secrets
2025-07-08 19:59:45 | INFO     | src.config:load_config:15 - Loading environment variables
2025-07-08 19:59:45 | INFO     | src.config:load_config:29 - Trying to load from Streamlit secrets
2025-07-08 19:59:45 | DEBUG    | src.api.texau_client:__init__:31 - TexAU client initialized with complete authentication
2025-07-08 19:59:45 | DEBUG    | src.api.linkedin_api:__init__:11 - LinkedIn API client initialized
2025-07-08 19:59:45 | DEBUG    | src.ui.app:__init__:22 - Initializing LinkedIn Extractor App
2025-07-08 19:59:47 | INFO     | src.config:load_config:15 - Loading environment variables
2025-07-08 19:59:47 | INFO     | src.config:load_config:29 - Trying to load from Streamlit secrets
2025-07-08 19:59:47 | DEBUG    | src.api.texau_client:__init__:31 - TexAU client initialized with complete authentication
2025-07-08 19:59:47 | DEBUG    | src.api.linkedin_api:__init__:11 - LinkedIn API client initialized
2025-07-08 19:59:47 | DEBUG    | src.ui.app:__init__:22 - Initializing LinkedIn Extractor App
2025-07-08 19:59:47 | INFO     | src.config:load_config:15 - Loading environment variables
2025-07-08 19:59:47 | INFO     | src.config:load_config:29 - Trying to load from Streamlit secrets
2025-07-08 19:59:47 | DEBUG    | src.api.texau_client:__init__:31 - TexAU client initialized with complete authentication
2025-07-08 19:59:47 | DEBUG    | src.api.linkedin_api:__init__:11 - LinkedIn API client initialized
2025-07-08 19:59:47 | DEBUG    | src.ui.app:__init__:22 - Initializing LinkedIn Extractor App
2025-07-08 19:59:49 | INFO     | src.config:load_config:15 - Loading environment variables
2025-07-08 19:59:49 | INFO     | src.config:load_config:29 - Trying to load from Streamlit secrets
2025-07-08 19:59:49 | DEBUG    | src.api.texau_client:__init__:31 - TexAU client initialized with complete authentication
2025-07-08 19:59:49 | DEBUG    | src.api.linkedin_api:__init__:11 - LinkedIn API client initialized
2025-07-08 19:59:49 | DEBUG    | src.ui.app:__init__:22 - Initializing LinkedIn Extractor App
2025-07-08 19:59:52 | INFO     | src.config:load_config:15 - Loading environment variables
2025-07-08 19:59:52 | INFO     | src.config:load_config:29 - Trying to load from Streamlit secrets
2025-07-08 19:59:52 | DEBUG    | src.api.texau_client:__init__:31 - TexAU client initialized with complete authentication
2025-07-08 19:59:52 | DEBUG    | src.api.linkedin_api:__init__:11 - LinkedIn API client initialized
2025-07-08 19:59:52 | DEBUG    | src.ui.app:__init__:22 - Initializing LinkedIn Extractor App
2025-07-08 19:59:55 | INFO     | src.config:load_config:15 - Loading environment variables
2025-07-08 19:59:55 | INFO     | src.config:load_config:29 - Trying to load from Streamlit secrets
2025-07-08 19:59:55 | DEBUG    | src.api.texau_client:__init__:31 - TexAU client initialized with complete authentication
2025-07-08 19:59:55 | DEBUG    | src.api.linkedin_api:__init__:11 - LinkedIn API client initialized
2025-07-08 19:59:55 | DEBUG    | src.ui.app:__init__:22 - Initializing LinkedIn Extractor App
2025-07-08 19:59:55 | INFO     | src.config:load_config:15 - Loading environment variables
2025-07-08 19:59:55 | INFO     | src.config:load_config:29 - Trying to load from Streamlit secrets
2025-07-08 20:00:28 | INFO     | src.config:load_config:15 - Loading environment variables
2025-07-08 20:00:28 | INFO     | src.config:load_config:29 - Trying to load from Streamlit secrets
2025-07-08 20:01:04 | INFO     | src.config:load_config:15 - Loading environment variables
2025-07-08 20:01:04 | INFO     | src.config:load_config:29 - Trying to load from Streamlit secrets
2025-07-08 20:01:36 | INFO     | src.config:load_config:15 - Loading environment variables
2025-07-08 20:01:36 | INFO     | src.config:load_config:29 - Trying to load from Streamlit secrets
